// Jest Snapshot v1, https://goo.gl/fbAQLP

exports[`config match snapshot 1`] = `
Object {
  "DEBUG": "test",
  "css": Object {
    "testGlobalColor": "orange",
    "testViewportWidth": 300,
  },
  "hotMode": false,
  "site": Object {
    "contentMode": "content",
    "dataExt": ".json",
    "defaultExt": ".md",
    "defaultExts": Array [
      ".md",
      ".json",
    ],
    "defaultIndex": "index",
    "defaultMode": "default",
    "defaultPage": "default",
    "loadPageParams": false,
    "loadingMode": "loading",
    "mainMenu": Array [
      Object {
        "text": "About",
        "url": "#!about",
      },
      Object {
        "text": "Contacts",
        "url": "#!contacts",
      },
    ],
    "rootPrefix": "/site",
  },
  "startTime": 1520000000000,
  "testMode": true,
}
`;
