// Jest Snapshot v1, https://goo.gl/fbAQLP

exports[`App match snapshot 1`] = `
<Connect(App)
  store={
    Object {
      "dispatch": [Function],
      "getState": [Function],
      "replaceReducer": [Function],
      "subscribe": [Function],
      Symbol(observable): [Function],
    }
  }
>
  <App
    dispatch={[Function]}
    page="default"
    store={
      Object {
        "dispatch": [Function],
        "getState": [Function],
        "replaceReducer": [Function],
        "subscribe": [Function],
        Symbol(observable): [Function],
      }
    }
    storeSubscription={
      Subscription {
        "listeners": Object {
          "clear": [Function],
          "get": [Function],
          "notify": [Function],
          "subscribe": [Function],
        },
        "onStateChange": [Function],
        "parentSub": undefined,
        "store": Object {
          "dispatch": [Function],
          "getState": [Function],
          "replaceReducer": [Function],
          "subscribe": [Function],
          Symbol(observable): [Function],
        },
        "unsubscribe": [Function],
      }
    }
  >
    <div
      className="App App_mode_default"
      style={Object {}}
    >
      <Connect(Header)
        mode="default"
        store={
          Object {
            "dispatch": [Function],
            "getState": [Function],
            "replaceReducer": [Function],
            "subscribe": [Function],
            Symbol(observable): [Function],
          }
        }
      >
        <Header
          dispatch={[Function]}
          mode="default"
          page="default"
          store={
            Object {
              "dispatch": [Function],
              "getState": [Function],
              "replaceReducer": [Function],
              "subscribe": [Function],
              Symbol(observable): [Function],
            }
          }
          storeSubscription={
            Subscription {
              "listeners": Object {
                "clear": [Function],
                "get": [Function],
                "notify": [Function],
                "subscribe": [Function],
              },
              "onStateChange": [Function],
              "parentSub": undefined,
              "store": Object {
                "dispatch": [Function],
                "getState": [Function],
                "replaceReducer": [Function],
                "subscribe": [Function],
                Symbol(observable): [Function],
              },
              "unsubscribe": [Function],
            }
          }
        >
          <div
            className="Header Header_mode_default"
            style={Object {}}
          />
        </Header>
      </Connect(Header)>
      <Connect(View)
        clickHandle={true}
        hashChange={true}
        loadPage={true}
        mode="default"
        store={
          Object {
            "dispatch": [Function],
            "getState": [Function],
            "replaceReducer": [Function],
            "subscribe": [Function],
            Symbol(observable): [Function],
          }
        }
      >
        <View
          clickHandle={true}
          dispatch={[Function]}
          hashChange={true}
          loadPage={true}
          mode="default"
          page="default"
          store={
            Object {
              "dispatch": [Function],
              "getState": [Function],
              "replaceReducer": [Function],
              "subscribe": [Function],
              Symbol(observable): [Function],
            }
          }
          storeSubscription={
            Subscription {
              "listeners": Object {
                "clear": [Function],
                "get": [Function],
                "notify": [Function],
                "subscribe": [Function],
              },
              "onStateChange": [Function],
              "parentSub": undefined,
              "store": Object {
                "dispatch": [Function],
                "getState": [Function],
                "replaceReducer": [Function],
                "subscribe": [Function],
                Symbol(observable): [Function],
              },
              "unsubscribe": [Function],
            }
          }
        >
          <div
            className="View View_mode_default"
            style={Object {}}
          >
            <Default
              mix={
                Object {
                  "block": "View",
                  "elem": "ContentWrapper",
                  "mods": Object {
                    "mode": "default",
                  },
                }
              }
            >
              <div
                className="Default View-ContentWrapper View-ContentWrapper_mode_default"
                style={Object {}}
              >
                Root content 
                <a
                  href="#!test/test"
                >
                  test
                </a>
              </div>
            </Default>
          </div>
        </View>
      </Connect(View)>
    </div>
  </App>
</Connect(App)>
`;
